Dump	SupportedACLs()
Return	["arp", "browser", "dst", "dstdom_regex", "dstdomain", "maxconn", "method", "myip", "myport", "port", "proto", "referer_regex", "rep_header", "rep_mime_type", "req_header", "req_mime_type", "src", "srcdom_regex", "srcdomain", "time", "url_regex", "urlpath_regex"]
Dump	GetTypesToComboBox()
Return	[`item (`id ("arp"), "arp"), `item (`id ("browser"), "browser"), `item (`id ("dst"), "dst"), `item (`id ("dstdom_regex"), "dstdom_regex"), `item (`id ("dstdomain"), "dstdomain"), `item (`id ("maxconn"), "maxconn"), `item (`id ("method"), "method"), `item (`id ("myip"), "myip"), `item (`id ("myport"), "myport"), `item (`id ("port"), "port"), `item (`id ("proto"), "proto"), `item (`id ("referer_regex"), "referer_regex"), `item (`id ("rep_header"), "rep_header"), `item (`id ("rep_mime_type"), "rep_mime_type"), `item (`id ("req_header"), "req_header"), `item (`id ("req_mime_type"), "req_mime_type"), `item (`id ("src"), "src"), `item (`id ("srcdom_regex"), "srcdom_regex"), `item (`id ("srcdomain"), "srcdomain"), `item (`id ("time"), "time"), `item (`id ("url_regex"), "url_regex"), `item (`id ("urlpath_regex"), "urlpath_regex")]
