Dump	GetLanguages()
Read	.target.dir "/usr/share/squid/errors" ["en", "a_file", "ru", "b_file", "uk", "c_file"]
Return	["en", "ru", "uk"]
Dump	
Dump	GetLanguagesToComboBox()
Return	[`item (`id ("en"), "English"), `item (`id ("ru"), "Russian"), `item (`id ("uk"), "Ukrainian")]
Dump	
Dump	GetPath("en")
Return	/usr/share/squid/errors/en
Dump	GetPath("uk")
Return	/usr/share/squid/errors/uk
Dump	
Dump	GetLanguageFromPath(/usr/share/squid/errors/en)
Return	en
Dump	GetLanguageFromPath(/usr/share/squid/errors/uk)
Return	ru
