Dump	Squid::readHttpPorts()
Read	.etc.squid."http_port" [["localhost:3128"], ["80", "transparent"]]
Return	true
Dump	Squid::http_ports
Return	[$["host":"localhost", "port":"3128"], $["host":"", "port":"80", "transparent":true]]
Dump	------------------------------
Dump	Squid::readHttpAccesses()
Read	.etc.squid."http_access" [["allow", "manager", "localhost"], ["deny", "manager"], ["deny", "!Safe_ports"], ["deny", "CONNECT", "!SSL_ports"], ["allow", "localhost"], ["allow", "localhost_public"], ["deny", "all"]]
Return	true
Dump	Squid::http_accesses
Return	[$["acl":["manager", "localhost"], "allow":true], $["acl":["manager"], "allow":false], $["acl":["!Safe_ports"], "allow":false], $["acl":["CONNECT", "!SSL_ports"], "allow":false], $["acl":["localhost"], "allow":true], $["acl":["localhost_public"], "allow":true], $["acl":["all"], "allow":false]]
Dump	------------------------------
Dump	Squid::readRefreshPatterns()
Read	.etc.squid."refresh_pattern" [["^ftp:", "1440", "20%", "10080"], ["-i", "^gopher:", "1440", "0%", "1440"], [".", "0", "20%", "4320"]]
Return	true
Dump	Squid::refresh_patterns
Return	[$["case_sensitive":true, "max":"10080", "min":"1440", "percent":"20", "regexp":"^ftp:"], $["case_sensitive":false, "max":"1440", "min":"1440", "percent":"0", "regexp":"^gopher:"], $["case_sensitive":true, "max":"4320", "min":"0", "percent":"20", "regexp":"."]]
Dump	------------------------------
Dump	Squid::readACLs()
Read	.etc.squid."acl" [["QUERY", "urlpath_regex", "cgi-bin", "\\?"], ["apache", "rep_header", "Server", "^Apache"], ["all", "src", "0.0.0.0/0.0.0.0"], ["manager", "proto", "cache_object"], ["localhost", "src", "127.0.0.1/255.255.255.255"], ["localhost_public", "src", "10.20.1.241/255.255.255.255"], ["to_localhost", "dst", "127.0.0.0/8"], ["SSL_ports", "port", " 443"], ["Safe_ports", "port", "80"], ["Safe_ports", "port", "21"], ["Safe_ports", "port", "443"], ["Safe_ports", "port", "70"], ["Safe_ports", "port", "210"], ["Safe_ports", "port", "1025-65535"], ["Safe_ports", "port", "280"], ["Safe_ports", "port", "488"], ["Safe_ports", "port", "591"], ["Safe_ports", "port", "777"], ["CONNECT", "method", "CONNECT"]]
Return	true
Dump	Squid::acls
Return	[$["name":"QUERY", "options":["cgi-bin \\?"], "type":"urlpath_regex"], $["name":"apache", "options":["Server", "^Apache"], "type":"rep_header"], $["name":"all", "options":["0.0.0.0/0.0.0.0"], "type":"src"], $["name":"manager", "options":["cache_object"], "type":"proto"], $["name":"localhost", "options":["127.0.0.1/255.255.255.255"], "type":"src"], $["name":"localhost_public", "options":["10.20.1.241/255.255.255.255"], "type":"src"], $["name":"to_localhost", "options":["127.0.0.0/8"], "type":"dst"], $["name":"SSL_ports", "options":[" 443"], "type":"port"], $["name":"Safe_ports", "options":["80"], "type":"port"], $["name":"Safe_ports", "options":["21"], "type":"port"], $["name":"Safe_ports", "options":["443"], "type":"port"], $["name":"Safe_ports", "options":["70"], "type":"port"], $["name":"Safe_ports", "options":["210"], "type":"port"], $["name":"Safe_ports", "options":["1025-65535"], "type":"port"], $["name":"Safe_ports", "options":["280"], "type":"port"], $["name":"Safe_ports", "options":["488"], "type":"port"], $["name":"Safe_ports", "options":["591"], "type":"port"], $["name":"Safe_ports", "options":["777"], "type":"port"], $["name":"CONNECT", "options":["CONNECT"], "type":"method"]]
Dump	------------------------------
Dump	Squid::readRestSetting()
Read	.etc.squid."access_log" [["/var/log/squid/access.log"]]
Read	.etc.squid."cache_dir" [["ufs", "/var/cache/squid", "100", "16", "256"]]
Read	.etc.squid."cache_log" [["/var/log/squid/cache.log"]]
Read	.etc.squid."cache_mem" [["80", "MB"]]
Read	.etc.squid."cache_mgr" [["webmaster"]]
Read	.etc.squid."cache_replacement_policy" [["lru"]]
Read	.etc.squid."cache_store_log" [["/var/log/squid/store.log"]]
Read	.etc.squid."cache_swap_high" [["95"]]
Read	.etc.squid."cache_swap_low" [["90"]]
Read	.etc.squid."client_lifetime" [["1", "day"]]
Read	.etc.squid."connect_timeout" [["2", "minutes"]]
Read	.etc.squid."emulate_httpd_log" [["off"]]
Read	.etc.squid."error_directory" [["/usr/share/squid/errors/English"]]
Read	.etc.squid."ftp_passive" [["on"]]
Read	.etc.squid."maximum_object_size" [["4096", "KB"]]
Read	.etc.squid."memory_replacement_policy" [["heap", "GDSF"]]
Read	.etc.squid."minimum_object_size" [["0", "KB"]]
Return	true
Dump	Squid::settings
Return	$["access_log":["/var/log/squid/access.log"], "cache_dir":["ufs", "/var/cache/squid", "100", "16", "256"], "cache_log":["/var/log/squid/cache.log"], "cache_mem":["80", "MB"], "cache_mgr":["webmaster"], "cache_replacement_policy":["lru"], "cache_store_log":["/var/log/squid/store.log"], "cache_swap_high":["95"], "cache_swap_low":["90"], "client_lifetime":["1", "days"], "connect_timeout":["2", "minutes"], "emulate_httpd_log":["off"], "error_directory":["/usr/share/squid/errors/English"], "ftp_passive":["on"], "maximum_object_size":["4096", "KB"], "memory_replacement_policy":["heap GDSF"], "minimum_object_size":["0", "KB"]]
Dump	------------------------------
Dump	Squid::Read()
Read	.etc.squid."http_port" [["localhost:3128"], ["80", "transparent"]]
Read	.etc.squid."refresh_pattern" [["^ftp:", "1440", "20%", "10080"], ["-i", "^gopher:", "1440", "0%", "1440"], [".", "0", "20%", "4320"]]
Read	.etc.squid."acl" [["QUERY", "urlpath_regex", "cgi-bin", "\\?"], ["apache", "rep_header", "Server", "^Apache"], ["all", "src", "0.0.0.0/0.0.0.0"], ["manager", "proto", "cache_object"], ["localhost", "src", "127.0.0.1/255.255.255.255"], ["localhost_public", "src", "10.20.1.241/255.255.255.255"], ["to_localhost", "dst", "127.0.0.0/8"], ["SSL_ports", "port", " 443"], ["Safe_ports", "port", "80"], ["Safe_ports", "port", "21"], ["Safe_ports", "port", "443"], ["Safe_ports", "port", "70"], ["Safe_ports", "port", "210"], ["Safe_ports", "port", "1025-65535"], ["Safe_ports", "port", "280"], ["Safe_ports", "port", "488"], ["Safe_ports", "port", "591"], ["Safe_ports", "port", "777"], ["CONNECT", "method", "CONNECT"]]
Read	.etc.squid."http_access" [["allow", "manager", "localhost"], ["deny", "manager"], ["deny", "!Safe_ports"], ["deny", "CONNECT", "!SSL_ports"], ["allow", "localhost"], ["allow", "localhost_public"], ["deny", "all"]]
Read	.etc.squid."access_log" [["/var/log/squid/access.log"]]
Read	.etc.squid."cache_dir" [["ufs", "/var/cache/squid", "100", "16", "256"]]
Read	.etc.squid."cache_log" [["/var/log/squid/cache.log"]]
Read	.etc.squid."cache_mem" [["80", "MB"]]
Read	.etc.squid."cache_mgr" [["webmaster"]]
Read	.etc.squid."cache_replacement_policy" [["lru"]]
Read	.etc.squid."cache_store_log" [["/var/log/squid/store.log"]]
Read	.etc.squid."cache_swap_high" [["95"]]
Read	.etc.squid."cache_swap_low" [["90"]]
Read	.etc.squid."client_lifetime" [["1", "day"]]
Read	.etc.squid."connect_timeout" [["2", "minutes"]]
Read	.etc.squid."emulate_httpd_log" [["off"]]
Read	.etc.squid."error_directory" [["/usr/share/squid/errors/English"]]
Read	.etc.squid."ftp_passive" [["on"]]
Read	.etc.squid."maximum_object_size" [["4096", "KB"]]
Read	.etc.squid."memory_replacement_policy" [["heap", "GDSF"]]
Read	.etc.squid."minimum_object_size" [["0", "KB"]]
Return	true
Dump	Squid::settings
Return	$["access_log":["/var/log/squid/access.log"], "cache_dir":["ufs", "/var/cache/squid", "100", "16", "256"], "cache_log":["/var/log/squid/cache.log"], "cache_mem":["80", "MB"], "cache_mgr":["webmaster"], "cache_replacement_policy":["lru"], "cache_store_log":["/var/log/squid/store.log"], "cache_swap_high":["95"], "cache_swap_low":["90"], "client_lifetime":["1", "days"], "connect_timeout":["2", "minutes"], "emulate_httpd_log":["off"], "error_directory":["/usr/share/squid/errors/English"], "ftp_passive":["on"], "maximum_object_size":["4096", "KB"], "memory_replacement_policy":["heap GDSF"], "minimum_object_size":["0", "KB"]]
Dump	Squid::acls
Return	[$["name":"QUERY", "options":["cgi-bin \\?"], "type":"urlpath_regex"], $["name":"apache", "options":["Server", "^Apache"], "type":"rep_header"], $["name":"all", "options":["0.0.0.0/0.0.0.0"], "type":"src"], $["name":"manager", "options":["cache_object"], "type":"proto"], $["name":"localhost", "options":["127.0.0.1/255.255.255.255"], "type":"src"], $["name":"localhost_public", "options":["10.20.1.241/255.255.255.255"], "type":"src"], $["name":"to_localhost", "options":["127.0.0.0/8"], "type":"dst"], $["name":"SSL_ports", "options":[" 443"], "type":"port"], $["name":"Safe_ports", "options":["80"], "type":"port"], $["name":"Safe_ports", "options":["21"], "type":"port"], $["name":"Safe_ports", "options":["443"], "type":"port"], $["name":"Safe_ports", "options":["70"], "type":"port"], $["name":"Safe_ports", "options":["210"], "type":"port"], $["name":"Safe_ports", "options":["1025-65535"], "type":"port"], $["name":"Safe_ports", "options":["280"], "type":"port"], $["name":"Safe_ports", "options":["488"], "type":"port"], $["name":"Safe_ports", "options":["591"], "type":"port"], $["name":"Safe_ports", "options":["777"], "type":"port"], $["name":"CONNECT", "options":["CONNECT"], "type":"method"]]
Dump	Squid::refresh_patterns
Return	[$["case_sensitive":true, "max":"10080", "min":"1440", "percent":"20", "regexp":"^ftp:"], $["case_sensitive":false, "max":"1440", "min":"1440", "percent":"0", "regexp":"^gopher:"], $["case_sensitive":true, "max":"4320", "min":"0", "percent":"20", "regexp":"."]]
Dump	Squid::http_accesses
Return	[$["acl":["manager", "localhost"], "allow":true], $["acl":["manager"], "allow":false], $["acl":["!Safe_ports"], "allow":false], $["acl":["CONNECT", "!SSL_ports"], "allow":false], $["acl":["localhost"], "allow":true], $["acl":["localhost_public"], "allow":true], $["acl":["all"], "allow":false]]
Dump	Squid::http_ports
Return	[$["host":"localhost", "port":"3128"], $["host":"", "port":"80", "transparent":true]]
Dump	------------------------------
Dump	----testing defualt values----
Dump	Squid:Read()
Read	.etc.squid."http_port" [["localhost:3128"], ["80", "transparent"]]
Read	.etc.squid."refresh_pattern" [["^ftp:", "1440", "20%", "10080"], ["-i", "^gopher:", "1440", "0%", "1440"], [".", "0", "20%", "4320"]]
Read	.etc.squid."acl" [["QUERY", "urlpath_regex", "cgi-bin", "\\?"], ["apache", "rep_header", "Server", "^Apache"], ["all", "src", "0.0.0.0/0.0.0.0"], ["manager", "proto", "cache_object"], ["localhost", "src", "127.0.0.1/255.255.255.255"], ["localhost_public", "src", "10.20.1.241/255.255.255.255"], ["to_localhost", "dst", "127.0.0.0/8"], ["SSL_ports", "port", " 443"], ["Safe_ports", "port", "80"], ["Safe_ports", "port", "21"], ["Safe_ports", "port", "443"], ["Safe_ports", "port", "70"], ["Safe_ports", "port", "210"], ["Safe_ports", "port", "1025-65535"], ["Safe_ports", "port", "280"], ["Safe_ports", "port", "488"], ["Safe_ports", "port", "591"], ["Safe_ports", "port", "777"], ["CONNECT", "method", "CONNECT"]]
Read	.etc.squid."http_access" [["allow", "manager", "localhost"], ["deny", "manager"], ["deny", "!Safe_ports"], ["deny", "CONNECT", "!SSL_ports"], ["allow", "localhost"], ["allow", "localhost_public"], ["deny", "all"]]
Read	.etc.squid."access_log" [["/var/log/squid/access.log"]]
Read	.etc.squid."cache_dir" [["ufs", "/var/cache/squid", "100", "16", "256"]]
Read	.etc.squid."cache_log" [["/var/log/squid/cache.log"]]
Read	.etc.squid."cache_mem" nil
Read	.etc.squid."cache_mgr" [["webmaster"]]
Read	.etc.squid."cache_replacement_policy" [["lru"]]
Read	.etc.squid."cache_store_log" [["/var/log/squid/store.log"]]
Read	.etc.squid."cache_swap_high" [["95"]]
Read	.etc.squid."cache_swap_low" [["90"]]
Read	.etc.squid."client_lifetime" [["1", "day"]]
Read	.etc.squid."connect_timeout" [["2", "minutes"]]
Read	.etc.squid."emulate_httpd_log" [["off"]]
Read	.etc.squid."error_directory" [["/usr/share/squid/errors/English"]]
Read	.etc.squid."ftp_passive" [["on"]]
Read	.etc.squid."maximum_object_size" [["4096", "KB"]]
Read	.etc.squid."memory_replacement_policy" nil
Read	.etc.squid."minimum_object_size" [["0", "KB"]]
Return	true
Dump	Squid::settings["cache_mem"]:["1"] == Squid::parameters["cache_mem"]:["2"]
Return	true
Dump	Squid::settings["memory_replacement_policy"]:["1"] == Squid::parameters["memory_replacement_memory"]:["2"]
Return	true
