Dump	Squid::readHttpPorts()
Read	.squid."http_port" ["localhost:3128", "80 transparent"]
Return	true
Dump	Squid::http_ports
Return	[$["host":"localhost", "port":"3128"], $["host":"", "port":"80", "transparent":true]]
Dump	------------------------------
Dump	Squid::readHttpAccesses()
Read	.squid."http_access" ["allow manager localhost", "deny manager", "deny !Safe_ports", "deny CONNECT  !SSL_ports", "allow localhost", "allow  localhost_public", "deny all"]
Return	true
Dump	Squid::http_accesses
Return	[$["acl":["manager", "localhost"], "allow":true], $["acl":["manager"], "allow":false], $["acl":["!Safe_ports"], "allow":false], $["acl":["CONNECT", "!SSL_ports"], "allow":false], $["acl":["localhost"], "allow":true], $["acl":["localhost_public"], "allow":true], $["acl":["all"], "allow":false]]
Dump	------------------------------
Dump	Squid::readRefreshPatterns()
Read	.squid."refresh_pattern" ["^ftp:\t\t1440\t20%\t10080", "-i ^gopher:\t1440\t0%\t1440", ".\t\t0\t20%\t4320"]
Return	true
Dump	Squid::refresh_patterns
Return	[$["case_sensitive":true, "max":"10080", "min":"1440", "percent":"20", "regexp":"^ftp:"], $["case_sensitive":false, "max":"1440", "min":"1440", "percent":"0", "regexp":"^gopher:"], $["case_sensitive":true, "max":"4320", "min":"0", "percent":"20", "regexp":"."]]
Dump	------------------------------
Dump	Squid::readACLs()
Read	.squid."acl" ["QUERY urlpath_regex cgi-bin \\?", "apache rep_header Server ^Apache", "all src 0.0.0.0/0.0.0.0", "manager proto cache_object", "localhost src  \t  \t 127.0.0.1/255.255.255.255", "localhost_public src 10.20.1.241/255.255.255.255", "to_localhost dst 127.0.0.0/8", "SSL_ports port  443", "Safe_ports port 80", "Safe_ports port 21", "Safe_ports port    443", "Safe_ports port 70", "Safe_ports port 210", "Safe_ports port 1025-65535", "Safe_ports port 280", "Safe_ports port 488", "Safe_ports port 591", "Safe_ports port 777", "CONNECT method CONNECT"]
Return	true
Dump	Squid::acls
Return	[$["name":"QUERY", "options":["cgi-bin", "\\?"], "type":"urlpath_regex"], $["name":"apache", "options":["Server", "^Apache"], "type":"rep_header"], $["name":"all", "options":["0.0.0.0/0.0.0.0"], "type":"src"], $["name":"manager", "options":["cache_object"], "type":"proto"], $["name":"localhost", "options":["127.0.0.1/255.255.255.255"], "type":"src"], $["name":"localhost_public", "options":["10.20.1.241/255.255.255.255"], "type":"src"], $["name":"to_localhost", "options":["127.0.0.0/8"], "type":"dst"], $["name":"SSL_ports", "options":["443"], "type":"port"], $["name":"Safe_ports", "options":["80"], "type":"port"], $["name":"Safe_ports", "options":["21"], "type":"port"], $["name":"Safe_ports", "options":["443"], "type":"port"], $["name":"Safe_ports", "options":["70"], "type":"port"], $["name":"Safe_ports", "options":["210"], "type":"port"], $["name":"Safe_ports", "options":["1025-65535"], "type":"port"], $["name":"Safe_ports", "options":["280"], "type":"port"], $["name":"Safe_ports", "options":["488"], "type":"port"], $["name":"Safe_ports", "options":["591"], "type":"port"], $["name":"Safe_ports", "options":["777"], "type":"port"], $["name":"CONNECT", "options":["CONNECT"], "type":"method"]]
Dump	------------------------------
Dump	Squid::readRestSetting()
Read	.squid."access_log" ["/var/log/squid/access.log"]
Read	.squid."cache_dir" ["ufs", "/var/cache/squid", "100", "16", "256"]
Read	.squid."cache_log" ["/var/log/squid/cache.log"]
Read	.squid."cache_mem" ["80", "MB"]
Read	.squid."cache_mgr" ["webmaster"]
Read	.squid."cache_replacement_policy" ["lru"]
Read	.squid."cache_store_log" ["/var/log/squid/store.log"]
Read	.squid."cache_swap_high" ["95"]
Read	.squid."cache_swap_log" ["none"]
Read	.squid."cache_swap_low" ["90"]
Read	.squid."client_lifetime" ["1", "day"]
Read	.squid."connect_timeout" ["2", "minutes"]
Read	.squid."emulate_httpd_log" ["off"]
Read	.squid."error_directory" ["/usr/share/squid/errors/English"]
Read	.squid."ftp_passive" ["on"]
Read	.squid."maximum_object_size" ["4096", "KB"]
Read	.squid."memory_replacement_policy" ["heap GDSF"]
Read	.squid."minimum_object_size" ["0", "KB"]
Return	true
Dump	Squid::settings
Return	$["access_log":["/var/log/squid/access.log"], "cache_dir":["ufs"], "cache_log":["/var/log/squid/cache.log"], "cache_mem":["80"], "cache_mgr":["webmaster"], "cache_replacement_policy":["lru"], "cache_store_log":["/var/log/squid/store.log"], "cache_swap_high":["95"], "cache_swap_log":["none"], "cache_swap_low":["90"], "client_lifetime":["1"], "connect_timeout":["2"], "emulate_httpd_log":["off"], "error_directory":["/usr/share/squid/errors/English"], "ftp_passive":["on"], "maximum_object_size":["4096"], "memory_replacement_policy":["heap", "GDSF"], "minimum_object_size":["0"]]
Dump	------------------------------
Dump	Squid::Read()
Read	.squid."http_port" ["localhost:3128", "80 transparent"]
Read	.squid."refresh_pattern" ["^ftp:\t\t1440\t20%\t10080", "-i ^gopher:\t1440\t0%\t1440", ".\t\t0\t20%\t4320"]
Read	.squid."acl" ["QUERY urlpath_regex cgi-bin \\?", "apache rep_header Server ^Apache", "all src 0.0.0.0/0.0.0.0", "manager proto cache_object", "localhost src  \t  \t 127.0.0.1/255.255.255.255", "localhost_public src 10.20.1.241/255.255.255.255", "to_localhost dst 127.0.0.0/8", "SSL_ports port  443", "Safe_ports port 80", "Safe_ports port 21", "Safe_ports port    443", "Safe_ports port 70", "Safe_ports port 210", "Safe_ports port 1025-65535", "Safe_ports port 280", "Safe_ports port 488", "Safe_ports port 591", "Safe_ports port 777", "CONNECT method CONNECT"]
Read	.squid."http_access" ["allow manager localhost", "deny manager", "deny !Safe_ports", "deny CONNECT  !SSL_ports", "allow localhost", "allow  localhost_public", "deny all"]
Read	.squid."access_log" ["/var/log/squid/access.log"]
Read	.squid."cache_dir" ["ufs", "/var/cache/squid", "100", "16", "256"]
Read	.squid."cache_log" ["/var/log/squid/cache.log"]
Read	.squid."cache_mem" ["80", "MB"]
Read	.squid."cache_mgr" ["webmaster"]
Read	.squid."cache_replacement_policy" ["lru"]
Read	.squid."cache_store_log" ["/var/log/squid/store.log"]
Read	.squid."cache_swap_high" ["95"]
Read	.squid."cache_swap_log" ["none"]
Read	.squid."cache_swap_low" ["90"]
Read	.squid."client_lifetime" ["1", "day"]
Read	.squid."connect_timeout" ["2", "minutes"]
Read	.squid."emulate_httpd_log" ["off"]
Read	.squid."error_directory" ["/usr/share/squid/errors/English"]
Read	.squid."ftp_passive" ["on"]
Read	.squid."maximum_object_size" ["4096", "KB"]
Read	.squid."memory_replacement_policy" ["heap GDSF"]
Read	.squid."minimum_object_size" ["0", "KB"]
Return	true
Dump	Squid::settings
Return	$["access_log":["/var/log/squid/access.log"], "cache_dir":["ufs"], "cache_log":["/var/log/squid/cache.log"], "cache_mem":["80"], "cache_mgr":["webmaster"], "cache_replacement_policy":["lru"], "cache_store_log":["/var/log/squid/store.log"], "cache_swap_high":["95"], "cache_swap_log":["none"], "cache_swap_low":["90"], "client_lifetime":["1"], "connect_timeout":["2"], "emulate_httpd_log":["off"], "error_directory":["/usr/share/squid/errors/English"], "ftp_passive":["on"], "maximum_object_size":["4096"], "memory_replacement_policy":["heap", "GDSF"], "minimum_object_size":["0"]]
Dump	Squid::acls
Return	[$["name":"QUERY", "options":["cgi-bin", "\\?"], "type":"urlpath_regex"], $["name":"apache", "options":["Server", "^Apache"], "type":"rep_header"], $["name":"all", "options":["0.0.0.0/0.0.0.0"], "type":"src"], $["name":"manager", "options":["cache_object"], "type":"proto"], $["name":"localhost", "options":["127.0.0.1/255.255.255.255"], "type":"src"], $["name":"localhost_public", "options":["10.20.1.241/255.255.255.255"], "type":"src"], $["name":"to_localhost", "options":["127.0.0.0/8"], "type":"dst"], $["name":"SSL_ports", "options":["443"], "type":"port"], $["name":"Safe_ports", "options":["80"], "type":"port"], $["name":"Safe_ports", "options":["21"], "type":"port"], $["name":"Safe_ports", "options":["443"], "type":"port"], $["name":"Safe_ports", "options":["70"], "type":"port"], $["name":"Safe_ports", "options":["210"], "type":"port"], $["name":"Safe_ports", "options":["1025-65535"], "type":"port"], $["name":"Safe_ports", "options":["280"], "type":"port"], $["name":"Safe_ports", "options":["488"], "type":"port"], $["name":"Safe_ports", "options":["591"], "type":"port"], $["name":"Safe_ports", "options":["777"], "type":"port"], $["name":"CONNECT", "options":["CONNECT"], "type":"method"]]
Dump	Squid::refresh_patterns
Return	[$["case_sensitive":true, "max":"10080", "min":"1440", "percent":"20", "regexp":"^ftp:"], $["case_sensitive":false, "max":"1440", "min":"1440", "percent":"0", "regexp":"^gopher:"], $["case_sensitive":true, "max":"4320", "min":"0", "percent":"20", "regexp":"."]]
Dump	Squid::http_accesses
Return	[$["acl":["manager", "localhost"], "allow":true], $["acl":["manager"], "allow":false], $["acl":["!Safe_ports"], "allow":false], $["acl":["CONNECT", "!SSL_ports"], "allow":false], $["acl":["localhost"], "allow":true], $["acl":["localhost_public"], "allow":true], $["acl":["all"], "allow":false]]
Dump	Squid::http_ports
Return	[$["host":"localhost", "port":"3128"], $["host":"", "port":"80", "transparent":true]]
Dump	------------------------------
Dump	----testing defualt values----
Dump	Squid:Read()
Read	.squid."http_port" ["localhost:3128", "80 transparent"]
Read	.squid."refresh_pattern" ["^ftp:\t\t1440\t20%\t10080", "-i ^gopher:\t1440\t0%\t1440", ".\t\t0\t20%\t4320"]
Read	.squid."acl" ["QUERY urlpath_regex cgi-bin \\?", "apache rep_header Server ^Apache", "all src 0.0.0.0/0.0.0.0", "manager proto cache_object", "localhost src  \t  \t 127.0.0.1/255.255.255.255", "localhost_public src 10.20.1.241/255.255.255.255", "to_localhost dst 127.0.0.0/8", "SSL_ports port  443", "Safe_ports port 80", "Safe_ports port 21", "Safe_ports port    443", "Safe_ports port 70", "Safe_ports port 210", "Safe_ports port 1025-65535", "Safe_ports port 280", "Safe_ports port 488", "Safe_ports port 591", "Safe_ports port 777", "CONNECT method CONNECT"]
Read	.squid."http_access" ["allow manager localhost", "deny manager", "deny !Safe_ports", "deny CONNECT  !SSL_ports", "allow localhost", "allow  localhost_public", "deny all"]
Read	.squid."access_log" ["/var/log/squid/access.log"]
Read	.squid."cache_dir" ["ufs", "/var/cache/squid", "100", "16", "256"]
Read	.squid."cache_log" ["/var/log/squid/cache.log"]
Read	.squid."cache_mem" nil
Read	.squid."cache_mgr" ["webmaster"]
Read	.squid."cache_replacement_policy" ["lru"]
Read	.squid."cache_store_log" ["/var/log/squid/store.log"]
Read	.squid."cache_swap_high" ["95"]
Read	.squid."cache_swap_log" ["none"]
Read	.squid."cache_swap_low" ["90"]
Read	.squid."client_lifetime" ["1", "day"]
Read	.squid."connect_timeout" ["2", "minutes"]
Read	.squid."emulate_httpd_log" ["off"]
Read	.squid."error_directory" ["/usr/share/squid/errors/English"]
Read	.squid."ftp_passive" ["on"]
Read	.squid."maximum_object_size" ["4096", "KB"]
Read	.squid."memory_replacement_policy" nil
Read	.squid."minimum_object_size" ["0", "KB"]
Return	true
Dump	Squid::settings["cache_mem"]:["1"] == Squid::parameters["cache_mem"]:["2"]
Return	true
Dump	Squid::settings["memory_replacement_policy"]:["1"] == Squid::parameters["memory_replacement_memory"]:["2"]
Return	true
